     1                                 %line 1+1 ast8procs.asm
     2                                 
     3                                 
     4                                 
     5                                 
     6                                 
     7                                 
     8                                 
     9                                 
    10                                 
    11                                 
    12                                 
    13                                 
    14                                 
    15                                 
    16                                 
    17                                 
    18                                 
    19                                 
    20                                 
    21                                 
    22                                 
    23                                 
    24                                 
    25                                 
    26                                 
    27                                 
    28                                 
    29                                 
    30                                 [section .data]
    31                                 
    32                                 
    33                                 
    34                                 
    35                                 TRUE equ 1
    36                                 FALSE equ 0
    37                                 
    38                                 
    39                                 
    40                                 
    41 00000000 00000000               h dd 0
    42 00000004 00000000               i dd 0
    43 00000008 00000000               j dd 0
    44 0000000C 00000000               tmp dd 0
    45                                 
    46                                 
    47                                 
    48                                 
    49                                 
    50                                 
    51                                 
    52                                 [section .bss]
    53                                 
    54                                 
    55                                 
    56                                 
    57 00000000 <gap>                  qSum resq 1
    58 00000008 <gap>                  dSum resd 1
    59                                 
    60                                 
    61                                 
    62                                 
    63                                 [section .text]
    64                                 
    65                                 
    66                                 
    67                                 
    68                                 
    69                                 
    70                                 
    71                                 
    72                                 
    73                                 
    74                                 
    75                                 
    76                                 
    77                                 
    78                                 
    79                                 
    80                                 [global shellSort]
    81                                 shellSort:
    82                                 
    83 00000000 C70425[00000000]01-    mov dword [h], 1
    84 00000000 000000             
    85 0000000B 41B803000000           mov r8d, 3
    86                                 
    87                                 loopOne:
    88                                 
    89 00000011 8B0425[00000000]        mov eax, dword [h]
    90 00000018 41F7E8                  imul r8d
    91 0000001B 83C001                  add eax, 1
    92                                 
    93 0000001E 39F0                    cmp eax, esi
    94 00000020 7D07                    jge jumpOne
    95 00000022 890425[00000000]        mov dword [h], eax
    96 00000029 EBE4                    jmp loopOne
    97                                 jumpOne:
    98                                 
    99 0000002B 4189F2                 mov r10d, esi
   100                                 
   101                                 loopTwo:
   102                                 
   103 0000002E 833C25[00000000]00      cmp dword [h], 0
   104 00000036 0F8EC9000000            jle jumpTwo
   105                                 
   106 0000003C 8B0425[00000000]        mov eax, dword [h]
   107 00000043 83E801                  sub eax, 1
   108 00000046 890425[00000000]        mov dword [i], eax
   109                                 
   110                                  loopThree:
   111                                 
   112 0000004D 44391425[00000000]      cmp dword [i], r10d
   113 00000055 0F8D8D000000            jge jumpThree
   114                                 
   115 0000005B 448B1C25[00000000]      mov r11d, dword [i]
   116                                 
   117 00000063 67468B049F              mov r8d, dword [edi+r11d*4]
   118 00000068 44890425[00000000]      mov dword [tmp], r8d
   119                                 
   120 00000070 44891C25[00000000]      mov dword [j], r11d
   121                                 
   122                                  loopFour:
   123 00000078 448B1C25[00000000]      mov r11d, dword [j]
   124 00000080 443B1C25[00000000]      cmp r11d, dword [h]
   125 00000088 7C41                    jl jumpFour
   126                                 
   127 0000008A 448B1C25[00000000]      mov r11d, dword [tmp]
   128 00000092 448B2425[00000000]      mov r12d, dword [j]
   129 0000009A 442B2425[00000000]      sub r12d, dword [h]
   130 000000A2 6746391CA7              cmp dword [edi+r12d*4], r11d
   131 000000A7 7F22                    jg jumpFour
   132                                 
   133 000000A9 67468B0CA7              mov r9d, dword [edi+r12d*4]
   134 000000AE 448B1C25[00000000]      mov r11d, dword [j]
   135 000000B6 6746890C9F              mov dword [edi+r11d*4], r9d
   136                                 
   137 000000BB 448B1C25[00000000]      mov r11d, dword [h]
   138 000000C3 44291C25[00000000]      sub dword [j], r11d
   139                                 
   140 000000CB EBA9                    jmp loopFour
   141                                  jumpFour:
   142                                 
   143 000000CD 448B0425[00000000]      mov r8d, dword [tmp]
   144 000000D5 448B1C25[00000000]      mov r11d, dword [j]
   145 000000DD 674689049F              mov dword [edi+r11d*4], r8d
   146                                 
   147 000000E2 FF0425[00000000]        inc dword [i]
   148                                 
   149 000000E9 E95AFFFFFF              jmp loopThree
   150                                  jumpThree:
   151                                 
   152 000000EE 41B903000000            mov r9d, 3
   153 000000F4 8B0425[00000000]        mov eax, dword [h]
   154 000000FB 99                      cdq
   155 000000FC 41F7F9                  idiv r9d
   156 000000FF 890425[00000000]        mov dword [h], eax
   157                                 
   158 00000106 E91EFFFFFF              jmp loopTwo
   159                                 jumpTwo:
   160                                 
   161 0000010B C3                      ret
   162                                 
   163                                 
   164                                 
   165                                 
   166                                 
   167                                 
   168                                 
   169                                 
   170                                 
   171                                 
   172                                 
   173                                 
   174                                 
   175                                 
   176                                 
   177                                 
   178                                 
   179                                 
   180                                 
   181                                 
   182                                 
   183                                 
   184                                 
   185                                 
   186                                 
   187                                 
   188                                 
   189                                 
   190                                 
   191                                 
   192                                 
   193                                 [global basicStats]
   194                                 basicStats:
   195                                 
   196 0000010C 55                      push rbp
   197 0000010D 4889E5                  mov rbp, rsp
   198 00000110 4151                    push r9
   199 00000112 53                      push rbx
   200 00000113 52                      push rdx
   201 00000114 4150                    push r8
   202 00000116 51                      push rcx
   203                                 
   204 00000117 8B44B7FC                mov eax, dword [rdi+(rsi-1)*4]
   205 0000011B 8902                    mov dword [rdx], eax
   206                                 
   207 0000011D 8B07                    mov eax, dword [rdi]
   208 0000011F 418900                  mov dword [r8], eax
   209                                 
   210 00000122 41BA02000000            mov r10d, 2
   211 00000128 89F0                    mov eax, esi
   212 0000012A 99                      cdq
   213 0000012B 41F7FA                  idiv r10d
   214 0000012E 4189C3                  mov r11d, eax
   215                                 
   216 00000131 83FA00                  cmp edx, 0
   217 00000134 7409                    je jumpFive
   218 00000136 67468B149F              mov r10d, dword [edi+r11d*4]
   219 0000013B 67448911                mov dword [ecx], r10d
   220 0000013F EB10                    jmp jumpSix
   221                                 jumpFive:
   222 00000141 67428B049F              mov eax, dword [edi+r11d*4]
   223 00000146 674203449FFC            add eax, dword [edi+(r11d-1)*4]
   224 0000014C 99                      cdq
   225 0000014D 41F7FA                  idiv r10d
   226 00000150 678901                  mov dword [ecx], eax
   227                                 jumpSix:
   228                                 
   229 00000153 E812000000              call lstSum
   230 00000158 418901                  mov dword [r9], eax
   231                                 
   232 0000015B E822000000              call lstAve
   233 00000160 488B5D10                mov rbx, qword [rbp+16]
   234 00000164 8903                    mov dword [rbx], eax
   235                                 
   236 00000166 59                      pop rcx
   237 00000167 4158                    pop r8
   238 00000169 5A                      pop rdx
   239 0000016A 5B                      pop rbx
   240 0000016B 4159                    pop r9
   241 0000016D 5D                      pop rbp
   242                                 
   243 0000016E C3                      ret
   244                                 
   245                                 
   246                                 
   247                                 
   248                                 
   249                                 
   250                                 
   251                                 
   252                                 
   253                                 
   254                                 
   255                                 
   256                                 
   257                                 
   258                                 
   259                                 
   260                                 [global lstSum]
   261                                 lstSum:
   262                                 
   263 0000016F 41B800000000            mov r8d, 0
   264 00000175 89F1                    mov ecx, esi
   265 00000177 B800000000              mov eax, 0
   266                                 
   267                                 loopFive:
   268 0000017C 6742030487              add eax, dword [edi+r8d*4]
   269                                 
   270 00000181 41FFC0                  inc r8d
   271 00000184 E2F4                    loop loopFive
   272                                 
   273 00000186 C3                      ret
   274                                 
   275                                 
   276                                 
   277                                 
   278                                 
   279                                 
   280                                 
   281                                 
   282                                 
   283                                 
   284                                 
   285                                 
   286                                 
   287                                 
   288                                 
   289                                 
   290                                 
   291                                 [global lstAve]
   292                                 lstAve:
   293                                 
   294 00000187 E8DEFFFFFF              call lstSum
   295                                 
   296 0000018C 99                      cdq
   297 0000018D F7FE                    idiv esi
   298                                 
   299 0000018F C3                      ret
   300                                 
   301                                 
   302                                 
   303                                 
   304                                 
   305                                 
   306                                 
   307                                 
   308                                 
   309                                 
   310                                 
   311                                 
   312                                 
   313                                 
   314                                 
   315                                 
   316                                 
   317                                 
   318                                 
   319                                 
   320                                 
   321                                 
   322                                 
   323                                 [global linearRegression]
   324                                 linearRegression:
   325                                 
   326 00000190 55                      push rbp
   327 00000191 4889E5                  mov rbp, rsp
   328 00000194 4151                    push r9
   329 00000196 52                      push rdx
   330                                 
   331 00000197 48C70425[00000000]-     mov qword [qSum], 0
   332 00000197 00000000           
   333 000001A3 C70425[00000000]00-     mov dword [dSum], 0
   334 000001A3 000000             
   335 000001AE 4189D2                  mov r10d, edx
   336 000001B1 4152                    push r10
   337 000001B3 41BB00000000            mov r11d, 0
   338 000001B9 49C7C600000000          mov r14, 0
   339                                 
   340                                 loopSix:
   341                                 
   342 000001C0 67468B249F              mov r12d, dword [edi+r11d*4]
   343 000001C5 4129CC                  sub r12d, ecx
   344                                 
   345 000001C8 67468B2C9E              mov r13d, dword [esi+r11d*4]
   346 000001CD 4529C5                  sub r13d, r8d
   347                                 
   348 000001D0 4489E0                  mov eax, r12d
   349 000001D3 BA00000000              mov edx, 0
   350 000001D8 41F7ED                  imul r13d
   351 000001DB 890425[00000000]        mov dword [qSum], eax
   352 000001E2 891425[04000000]        mov dword [qSum+4], edx
   353 000001E9 4C033425[00000000]      add r14, qword [qSum]
   354                                 
   355 000001F1 41FFC3                  inc r11d
   356                                 
   357 000001F4 41FFCA                  dec r10d
   358 000001F7 4183FA00                cmp r10d, 0
   359 000001FB 75C1                    jne loopSix
   360                                 
   361 000001FD 4C893425[00000000]      mov qword [qSum], r14
   362 00000205 41BB00000000            mov r11d, 0
   363 0000020B 415A                    pop r10
   364                                 
   365                                 loopSeven:
   366                                 
   367 0000020D 67468B249F              mov r12d, dword [edi+r11d*4]
   368 00000212 4129CC                  sub r12d, ecx
   369                                 
   370 00000215 4489E0                  mov eax, r12d
   371 00000218 F7E8                    imul eax
   372 0000021A 010425[00000000]        add dword [dSum], eax
   373                                 
   374 00000221 41FFC3                  inc r11d
   375                                 
   376 00000224 41FFCA                  dec r10d
   377 00000227 4183FA00                cmp r10d, 0
   378 0000022B 75DE                    jne loopSeven
   379                                 
   380 0000022D 8B0425[00000000]        mov eax, dword [qSum]
   381 00000234 8B1425[04000000]        mov edx, dword [qSum+4]
   382 0000023B F73C25[00000000]        idiv dword [dSum]
   383                                 
   384 00000242 488B5D10                mov rbx, qword [rbp+16]
   385 00000246 8903                    mov dword [rbx], eax
   386                                 
   387 00000248 F7E9                    imul ecx
   388 0000024A 4129C0                  sub r8d, eax
   389 0000024D 67458901                mov dword [r9d], r8d
   390                                 
   391 00000251 5A                      pop rdx
   392 00000252 4159                    pop r9
   393 00000254 5D                      pop rbp
   394                                 
   395                                 
   396 00000255 C3                      ret
   397                                 
   398                                 
   399                                 
